// Jest Snapshot v1, https://goo.gl/fbAQLP

exports[`Pruebas en GiftItem debe hacer match con el snapshot 1`] = `
<div>
  <div
    class="card"
  >
    <img
      alt="Saitama"
      src="http://url.com/nemesis.jpg"
    />
    <p>
      Saitama
    </p>
  </div>
</div>
`;
